Reading lotes_leilao.xlsx...
Found 341 vehicles to process
[1/341] Lote 12: HONDA / CBX 250 TWISTER / 2003 ... OK -> R$ 7.712,00 (FIPE: CBX 250 TWISTER, match: 1.0)
[2/341] Lote 13: HONDA / CG 150 TITAN KS / 2005 ... OK -> R$ 8.202,00 (FIPE: CG 150 TITAN-ES, match: 0.74)
[3/341] Lote 14: HONDA / BIZ 125 ES / 2012 ... OK -> R$ 10.592,00 (FIPE: BIZ 125 ES/ 125 ES FLEX, match: 0.78)
[4/341] Lote 15: SUNDOWN / MAX 125 SE / 2011 ... OK -> R$ 3.333,00 (FIPE: MAX 125 SE, match: 1.0)
[5/341] Lote 16: HONDA / CG 150 TITAN KS / 2008 ... OK -> R$ 8.915,00 (FIPE: CG 150 TITAN-ES, match: 0.74)
[6/341] Lote 17: HONDA / CG 125 FAN ES / 2012 ... OK -> R$ 9.219,00 (FIPE: CG 125 FAN ES, match: 1.0)
[7/341] Lote 18: HONDA / CG 150 TITAN KS / 2007 ... OK -> R$ 8.697,00 (FIPE: CG 150 TITAN-ES, match: 0.74)
[8/341] Lote 19: HONDA / CG 125 TITAN KS / 2002 ... OK -> R$ 6.681,00 (FIPE: CG 125 TITAN, match: 0.83)
[9/341] Lote 20: HONDA / CG 150 FAN ESI / 2010 ... OK -> R$ 10.218,00 (FIPE: CG 150 FAN ESi/ 150 FAN ESi FLEX, match: 0.77)
[10/341] Lote 21: HONDA / CG 160 FAN / 2023 ... OK -> R$ 16.862,00 (FIPE: CG 160 FAN Flex, match: 0.88)
[11/341] Lote 22: HONDA / BIZ 125 EX / 2013 ... OK -> R$ 9.090,00 (FIPE: BIZ 125+, match: 0.87)
[12/341] Lote 23: HONDA / POP100 / 2010 ... OK -> R$ 12.126,00 (FIPE: POP 110i, match: 0.43)
[13/341] Lote 24: HONDA / BIZ 125 MAIS / 2010 ... OK -> R$ 9.090,00 (FIPE: BIZ 125+, match: 0.71)
[14/341] Lote 25: HONDA / CG 150 TITAN KS / 2008 ... OK -> R$ 8.915,00 (FIPE: CG 150 TITAN-ES, match: 0.74)
[15/341] Lote 26: HONDA / CG 150 TITAN KS / 2008 ... OK -> R$ 8.915,00 (FIPE: CG 150 TITAN-ES, match: 0.74)
[16/341] Lote 27: HONDA / CG 125 FAN KS / 2011 ... OK -> R$ 8.985,00 (FIPE: CG 125 FAN ES, match: 0.85)
[17/341] Lote 28: HONDA / CG 150 TITAN KS / 2008 ... OK -> R$ 8.915,00 (FIPE: CG 150 TITAN-ES, match: 0.74)
[18/341] Lote 29: HONDA / CBX 250 TWISTER / 2004 ... OK -> R$ 8.210,00 (FIPE: CBX 250 TWISTER, match: 1.0)
[19/341] Lote 30: HONDA / CG 150 FAN ESI / 2010 ... OK -> R$ 10.218,00 (FIPE: CG 150 FAN ESi/ 150 FAN ESi FLEX, match: 0.77)
[20/341] Lote 31: HONDA / XRE 300 / 2011 ... OK -> R$ 30.182,00 (FIPE: XRE 300 RALLY FLEX, match: 0.74)
[21/341] Lote 32: HONDA / BIZ 125 KS / 2010 ... OK -> R$ 8.839,00 (FIPE: BIZ 125 KS/ 125 KS FLEX, match: 0.78)
[22/341] Lote 33: YAMAHA / YBR 125ED / 2004 ... OK -> R$ 5.843,00 (FIPE: YBR 125 ED, match: 0.77)
[23/341] Lote 34: HONDA / CG 125 FAN KS / 2009 ... OK -> R$ 8.519,00 (FIPE: CG 125 FAN ES, match: 0.85)
[24/341] Lote 35: HONDA / CBX 250 TWISTER / 2005 ... OK -> R$ 8.441,00 (FIPE: CBX 250 TWISTER, match: 1.0)
[25/341] Lote 36: HONDA / CG 160 START / 2022 ... OK -> R$ 14.940,00 (FIPE: CG 160 START, match: 1.0)
[26/341] Lote 37: HONDA / CG 160 TITAN / 2022 ... OK -> R$ 24.106,00 (FIPE: CG 160 TITAN, match: 1.0)
[27/341] Lote 38: YAMAHA / FAZER YS250 LE / 2008 ... OK -> R$ 8.915,00 (FIPE: TT-R 125 LE, match: 0.48)
[28/341] Lote 39: HONDA / CB 300R / 2011 ... OK -> R$ 12.088,00 (FIPE: CB 300R/ 300R FLEX, match: 0.75)
[29/341] Lote 40: HONDA / CBX 250 TWISTER / 2008 ... OK -> R$ 9.182,00 (FIPE: CBX 250 TWISTER, match: 1.0)
[30/341] Lote 41: HONDA / CBX 250 TWISTER / 2008 ... OK -> R$ 9.182,00 (FIPE: CBX 250 TWISTER, match: 1.0)
[31/341] Lote 42: YAMAHA / NEO AT115 / 2010 ... OK -> R$ 5.538,00 (FIPE: NEO AT 115cc, match: 0.71)
[32/341] Lote 43: HONDA / CB 300R / 2012 ... OK -> R$ 12.930,00 (FIPE: CB 300R/ 300R FLEX, match: 0.75)
[33/341] Lote 44: HONDA / CG 125 FAN ES / 2010 ... OK -> R$ 8.742,00 (FIPE: CG 125 FAN ES, match: 1.0)
[34/341] Lote 45: HONDA / CG 160 START / 2022 ... OK -> R$ 14.940,00 (FIPE: CG 160 START, match: 1.0)
[35/341] Lote 46: HONDA / CG 160 TITAN / 2020 ... OK -> R$ 24.106,00 (FIPE: CG 160 TITAN, match: 1.0)
[36/341] Lote 47: HONDA / CBX 250 TWISTER / 2007 ... OK -> R$ 8.958,00 (FIPE: CBX 250 TWISTER, match: 1.0)
[37/341] Lote 48: JTZ / CHOPPER RL / 2019 ... NOT FOUND
[38/341] Lote 49: HONDA / CG 125 TITAN / 1997 ... OK -> R$ 6.191,00 (FIPE: CG 125 TITAN, match: 1.0)
[39/341] Lote 50: HONDA / CG 150 TITAN ES / 2008 ... OK -> R$ 8.915,00 (FIPE: CG 150 TITAN-ES, match: 0.78)
[40/341] Lote 51: YAMAHA / FZ25 FAZER / 2018 ... OK -> R$ 16.922,00 (FIPE: FZ25 250 FAZER FLEX, match: 0.81)
[41/341] Lote 52: YAMAHA / FACTOR YBR125 E / 2012 ... OK -> R$ 4.689,00 (FIPE: YBR 125 FACTOR PRO E, match: 0.61)
[42/341] Lote 53: HONDA / BIZ 125 ES / 2009 ... OK -> R$ 8.623,00 (FIPE: BIZ 125 ES/ 125 ES FLEX, match: 0.78)
[43/341] Lote 54: HONDA / CG 150 TITAN EX / 2013 ... OK -> R$ 9.663,00 (FIPE: CG 150 TITAN-ES, match: 0.75)
[44/341] Lote 55: HONDA / CG 125 FAN KS / 2009 ... OK -> R$ 8.519,00 (FIPE: CG 125 FAN ES, match: 0.85)
[45/341] Lote 56: YAMAHA / YBR 125K / 2007 ... OK -> R$ 6.065,00 (FIPE: YBR 125 K, match: 0.76)
[46/341] Lote 57: YAMAHA / YS150 FAZER SED / 2020 ... OK -> R$ 14.369,00 (FIPE: YS 150 FAZER SED/ FLEX, match: 0.77)
[47/341] Lote 58: MERCEDES / ML320 AB54 / 2001 ... OK -> R$ 36.860,00 (FIPE: ML-320 4x4, match: 0.64)
[48/341] Lote 59: GM / CELTA 4P LIFE / 2008 ... OK -> R$ 14.541,00 (FIPE: Celta Life 1.0 MPFI VHC 8V 3p, match: 0.56)
[49/341] Lote 60: FIAT / SIENA EL FLEX / 2012 ... OK -> R$ 30.856,00 (FIPE: Siena EL 1.0 mpi Fire Flex 8V 4p, match: 0.75)
[50/341] Lote 61: CHEVROLET / COBALT 1.4 LS / 2013 ...     Rate limited, waiting 10s...
    Rate limited, waiting 20s...
    Rate limited, waiting 30s...
    Rate limited, waiting 40s...
    Rate limited, waiting 50s...
NOT FOUND
[51/341] Lote 62: RENAULT / SANDERO AUT1016V / 2012 ...     Rate limited, waiting 10s...
    Rate limited, waiting 20s...
    Rate limited, waiting 30s...
    Rate limited, waiting 40s...
    Rate limited, waiting 50s...
NOT FOUND
[52/341] Lote 63: VW / GOL 1.0 / 2001 ...     Rate limited, waiting 10s...
    Rate limited, waiting 20s...
    Rate limited, waiting 30s...
    Rate limited, waiting 40s...
    Rate limited, waiting 50s...
NOT FOUND
[53/341] Lote 64: VW / GOL 1.0 / 2008 ...     Rate limited, waiting 10s...
    Rate limited, waiting 20s...
    Rate limited, waiting 30s...
    Rate limited, waiting 40s...
    Rate limited, waiting 50s...
NOT FOUND
[54/341] Lote 65: FORD / ECOSPORT XLT 1.6L / 2004 ...     Rate limited, waiting 10s...
    Rate limited, waiting 20s...
    Rate limited, waiting 30s...
    Rate limited, waiting 40s...
    Rate limited, waiting 50s...
NOT FOUND
[55/341] Lote 66: GM / ASTRA GLS / 1999 ...     Rate limited, waiting 10s...
    Rate limited, waiting 20s...
    Rate limited, waiting 30s...
    Rate limited, waiting 40s...
    Rate limited, waiting 50s...
NOT FOUND
[56/341] Lote 67: VW / GOL 1.0 / 2001 ...     Rate limited, waiting 10s...
    Rate limited, waiting 20s...
    Rate limited, waiting 30s...
    Rate limited, waiting 40s...
    Rate limited, waiting 50s...
NOT FOUND
[57/341] Lote 68: VW / GOL 1.0 GIV / 2009 ...     Rate limited, waiting 10s...
    Rate limited, waiting 20s...
    Rate limited, waiting 30s...
    Rate limited, waiting 40s...
    Rate limited, waiting 50s...
NOT FOUND
[58/341] Lote 69: FORD / FOCUS 1.8L HA / 2002 ...     Rate limited, waiting 10s...
    Rate limited, waiting 20s...
    Rate limited, waiting 30s...
    Rate limited, waiting 40s...
    Rate limited, waiting 50s...
NOT FOUND
[59/341] Lote 70: RENAULT / MEGANE RT 1.6 / 2001 ...     Rate limited, waiting 10s...
    Rate limited, waiting 20s...
    Rate limited, waiting 30s...
    Rate limited, waiting 40s...
    Rate limited, waiting 50s...
NOT FOUND
[60/341] Lote 71: VW / GOL 1.0 GIV / 2012 ...     Rate limited, waiting 10s...
    Rate limited, waiting 30s...
    Rate limited, waiting 40s...
    Rate limited, waiting 50s...
NOT FOUND
[61/341] Lote 72: HYUNDAI / TUCSON GL 20L / 2010 ...     Rate limited, waiting 10s...
    Rate limited, waiting 20s...
