Reading lotes_leilao.xlsx...
Found 341 vehicles to process

=== Phase 1: Parsing vehicles ===
Parsed 339 vehicles, 19 brand/type combos

=== Phase 2: Fetching model lists ===
  Fetching carros/13 models...     Rate limited, waiting 15s...
    Rate limited, waiting 30s...
    Rate limited, waiting 45s...
    Rate limited, waiting 60s...
    Rate limited, waiting 75s...
FAILED
  Fetching carros/182 models...     Rate limited, waiting 15s...
    Rate limited, waiting 30s...
    Rate limited, waiting 45s...
    Rate limited, waiting 60s...
    Rate limited, waiting 75s...
FAILED
  Fetching carros/199 models...     Rate limited, waiting 15s...
    Rate limited, waiting 30s...
    Rate limited, waiting 45s...
    Rate limited, waiting 60s...
    Rate limited, waiting 75s...
FAILED
  Fetching carros/21 models... 583 models
  Fetching carros/22 models...     Rate limited, waiting 15s...
    Rate limited, waiting 30s...
    Rate limited, waiting 45s...
    Rate limited, waiting 60s...
    Rate limited, waiting 75s...
FAILED
  Fetching carros/23 models... 552 models
  Fetching carros/25 models...     Rate limited, waiting 15s...
    Rate limited, waiting 30s...
    Rate limited, waiting 45s...
    Rate limited, waiting 60s...
    Rate limited, waiting 75s...
FAILED
  Fetching carros/26 models...     Rate limited, waiting 15s...
    Rate limited, waiting 30s...
    Rate limited, waiting 45s...
    Rate limited, waiting 60s...
    Rate limited, waiting 75s...
FAILED
  Fetching carros/39 models... 559 models
  Fetching carros/44 models...     Rate limited, waiting 15s...
    Rate limited, waiting 30s...
    Rate limited, waiting 45s...
    Rate limited, waiting 60s...
    Rate limited, waiting 75s...
FAILED
  Fetching carros/48 models...     Rate limited, waiting 15s...
    Rate limited, waiting 30s...
    Rate limited, waiting 45s...
    Rate limited, waiting 60s...
